Traceback (most recent call last):
  File "<frozen runpy>", line 203, in _run_module_as_main
  File "<frozen runpy>", line 88, in _run_code
  File "C:\Users\aniru\AppData\Roaming\Python\Python314\site-packages\uvicorn\__main__.py", line 4, in <module>
    uvicorn.main()
    ~~~~~~~~~~~~^^
  File "C:\Users\aniru\AppData\Roaming\Python\Python314\site-packages\click\core.py", line 1631, in __call__
    return self.main(*args, **kwargs)
           ~~~~~~~~~^^^^^^^^^^^^^^^^^
  File "C:\Users\aniru\AppData\Roaming\Python\Python314\site-packages\click\core.py", line 1552, in main
    rv = self.invoke(ctx)
  File "C:\Users\aniru\AppData\Roaming\Python\Python314\site-packages\click\core.py", line 1415, in invoke
    return ctx.invoke(self.callback, **ctx.params)
           ~~~~~~~~~~^^^^^^^^^^^^^^^^^^^^^^^^^^^^^
  File "C:\Users\aniru\AppData\Roaming\Python\Python314\site-packages\click\core.py", line 910, in invoke
    return callback(*args, **kwargs)
  File "C:\Users\aniru\AppData\Roaming\Python\Python314\site-packages\uvicorn\main.py", line 448, in main
    run(
    ~~~^
        app,
        ^^^^
    ...<49 lines>...
        reset_contextvars=reset_contextvars,
        ^^^^^^^^^^^^^^^^^^^^^^^^^^^^^^^^^^^^
    )
    ^
  File "C:\Users\aniru\AppData\Roaming\Python\Python314\site-packages\uvicorn\main.py", line 620, in run
    config.load_app()
    ~~~~~~~~~~~~~~~^^
  File "C:\Users\aniru\AppData\Roaming\Python\Python314\site-packages\uvicorn\config.py", line 434, in load_app
    return import_from_string(self.app)
  File "C:\Users\aniru\AppData\Roaming\Python\Python314\site-packages\uvicorn\importer.py", line 19, in import_from_string
    module = importlib.import_module(module_str)
  File "C:\Python314\Lib\importlib\__init__.py", line 88, in import_module
    return _bootstrap._gcd_import(name[level:], package, level)
           ~~~~~~~~~~~~~~~~~~~~~~^^^^^^^^^^^^^^^^^^^^^^^^^^^^^^
  File "<frozen importlib._bootstrap>", line 1406, in _gcd_import
  File "<frozen importlib._bootstrap>", line 1371, in _find_and_load
  File "<frozen importlib._bootstrap>", line 1342, in _find_and_load_unlocked
  File "<frozen importlib._bootstrap>", line 938, in _load_unlocked
  File "<frozen importlib._bootstrap_external>", line 759, in exec_module
  File "<frozen importlib._bootstrap>", line 491, in _call_with_frames_removed
  File "C:\Users\aniru\VSC Projects\VerySecureWebsite\app\main.py", line 17, in <module>
    from .database import get_db, engine
  File "C:\Users\aniru\VSC Projects\VerySecureWebsite\app\database.py", line 8, in <module>
    from .config import settings
  File "C:\Users\aniru\VSC Projects\VerySecureWebsite\app\config.py", line 96, in <module>
    settings = Settings()
  File "C:\Users\aniru\VSC Projects\VerySecureWebsite\app\config.py", line 39, in __init__
    self.DEBUG = _bool_setting("DEBUG", self.APP_ENV != "production")
                 ~~~~~~~~~~~~~^^^^^^^^^^^^^^^^^^^^^^^^^^^^^^^^^^^^^^^
  File "C:\Users\aniru\VSC Projects\VerySecureWebsite\app\config.py", line 21, in _bool_setting
    raise ValueError(f"{name} must be a boolean value")
ValueError: DEBUG must be a boolean value
